[Bootstrap]
SetupTitle=Install
SetupText=Copying Files, please stand by.
CabFile=EEMMTv102.CAB
Spawn=Setup1.exe
Uninstal=st6unst.exe
TmpDir=msftqws.pdw
Cabs=1

[Bootstrap Files]
File1=@VB6STKIT.DLL,$(WinSysPathSysFile),,,7/15/00 12:00:00 AM,101888,6.0.84.50
File2=@COMCAT.DLL,$(WinSysPathSysFile),$(DLLSelfRegister),,5/31/98 12:00:00 AM,22288,4.71.1460.1
File3=@STDOLE2.TLB,$(WinSysPathSysFile),$(TLBRegister),,6/3/99 12:00:00 AM,17920,2.40.4275.1
File4=@ASYCFILT.DLL,$(WinSysPathSysFile),,,3/8/99 12:00:00 AM,147728,2.40.4275.1
File5=@OLEPRO32.DLL,$(WinSysPathSysFile),$(DLLSelfRegister),,3/8/99 12:00:00 AM,164112,5.0.4275.1
File6=@OLEAUT32.DLL,$(WinSysPathSysFile),$(DLLSelfRegister),,4/12/00 12:00:00 AM,598288,2.40.4275.1
File7=@MSVBVM60.DLL,$(WinSysPathSysFile),$(DLLSelfRegister),,8/21/00 12:00:00 AM,1388544,6.0.89.64

[IconGroups]
Group0=EE Multiplayer Map Tool
PrivateGroup0=-1
Parent0=$(Programs)

[EE Multiplayer Map Tool]
Icon1="EEMMTv102.exe"
Title1=EEMMT v102
StartIn1=$(AppPath)

[Setup]
Title=EE Multiplayer Map Tool v.1.0.2 (evaluation)
DefaultDir=$(ProgramFiles)\EE Multiplayer Map Tool
AppExe=EEMMTv102.exe
AppToUninstall=EEMMTv102.exe

[Setup1 Files]
File1=@Info.txt,$(AppPath),,,2/4/02 7:09:58 PM,20551,0.0.0.0
File2=@QuickName.txt,$(AppPath),,,1/31/02 7:40:54 PM,564,0.0.0.0
File3=@EE4PM0.ini,$(AppPath),,$(Shared),1/22/02 8:03:18 PM,53334,0.0.0.0
File4=@EE3PM0.ini,$(AppPath),,$(Shared),1/22/02 8:02:02 PM,53631,0.0.0.0
File5=@EE2PM0.ini,$(AppPath),,$(Shared),1/22/02 7:58:54 PM,53944,0.0.0.0
File6=@About.txt,$(AppPath),,,1/28/02 7:04:10 AM,960,0.0.0.0
File7=@tempnames.ini,$(AppPath),,$(Shared),2/4/02 2:45:42 PM,53944,0.0.0.0
File8=@Legal.rtf,$(AppPath),,,1/18/02 2:32:16 PM,1164,0.0.0.0
File9=@Readme.txt,$(AppPath),,,2/5/02 1:38:12 AM,2116,0.0.0.0
File10=@3PWMx.ini,$(AppPath),,$(Shared),1/23/02 10:04:04 AM,318903,0.0.0.0
File11=@4PWMx.ini,$(AppPath),,$(Shared),1/23/02 9:37:34 AM,319358,0.0.0.0
File12=@4P1CWMx.ini,$(AppPath),,$(Shared),1/23/02 9:58:52 AM,324076,0.0.0.0
File13=@EEMMT2.ini,$(AppPath),,$(Shared),1/31/02 1:48:24 AM,41,0.0.0.0
File14=@EEMMT1.ini,$(AppPath),,$(Shared),1/31/02 1:48:18 AM,39,0.0.0.0
File15=@MSCOMCTL.OCX,$(WinSysPath),$(DLLSelfRegister),$(Shared),5/22/00 12:00:00 AM,1066176,6.0.88.62
File16=@COMDLG32.OCX,$(WinSysPath),$(DLLSelfRegister),$(Shared),5/22/00 12:00:00 AM,140488,6.0.84.18
File17=@MSVCRT.DLL,$(WinSysPathSysFile),,,5/22/01 1:06:18 PM,295000,6.1.8637.0
File18=@scrrun.dll,$(WinSysPath),$(DLLSelfRegister),$(Shared),11/23/01 10:43:10 PM,147512,5.6.0.6626
File19=@Vb5db.dll,$(WinSysPath),,$(Shared),8/10/98 11:56:18 AM,89360,6.0.81.69
File20=@msjtes40.dll,$(WinSysPathSysFile),$(DLLSelfRegister),,9/7/99 2:45:12 PM,237840,4.0.2927.8
File21=@msrepl40.dll,$(WinSysPathSysFile),,,6/2/99 5:55:22 PM,553232,4.0.2927.2
File22=@msrd3x40.dll,$(WinSysPathSysFile),$(DLLSelfRegister),,7/14/99 2:12:02 PM,315664,4.0.2927.4
File23=@msrd2x40.dll,$(WinSysPathSysFile),$(DLLSelfRegister),,6/2/99 5:55:22 PM,422160,4.0.2927.2
File24=@mswdat10.dll,$(WinSysPathSysFile),,,9/14/99 10:41:22 AM,831760,4.0.2927.10
File25=@mswstr10.dll,$(WinSysPathSysFile),,,9/14/99 10:41:22 AM,614672,4.0.2927.10
File26=@expsrv.dll,$(WinSysPathSysFile),,,6/24/99 3:40:58 PM,379152,6.0.0.8540
File27=@VBAJET32.DLL,$(WinSysPathSysFile),,,1/22/99 12:00:00 AM,30992,6.0.1.8268
File28=@msjint40.dll,$(WinSysPathSysFile),,,6/2/99 5:55:24 PM,151824,4.0.2927.2
File29=@msjter40.dll,$(WinSysPathSysFile),,,6/2/99 5:55:22 PM,53520,4.0.2927.2
File30=@msjet40.dll,$(WinSysPathSysFile),$(DLLSelfRegister),,1/26/00 6:05:04 PM,1495312,4.0.2927.17
File31=@DAO360.DLL,$(MSDAOPath),$(DLLSelfRegister),$(Shared),1/6/00 4:53:30 PM,557328,3.60.3706.0
File32=@EEMMTv102.exe,$(AppPath),,,2/5/02 1:54:26 AM,4382720,1.0.0.2

; The following lines may be deleted in order to obtain extra 
; space for customizing this file on a full installation diskette.
; 
; XXXXXXXXXXXXXXXXXXXXXXXXXXXXXXXXXXXXXXXXXXXXXXXXXXXXXXXXXXXX
; XXXXXXXXXXXXXXXXXXXXXXXXXXXXXXXXXXXXXXXXXXXXXXXXXXXXXXXXXXXX
; XXXXXXXXXXXXXXXXXXXXXXXXXXXXXXXXXXXXXXXXXXXXXXXXXXXXXXXXXXXX
; XXXXXXXXXXXXXXXXXXXXXXXXXXXXXXXXXXXXXXXXXXXXXXXXXXXXXXXXXXXX
; XXXXXXXXXXXXXXXXXXXXXXXXXXXXXXXXXXXXXXXXXXXXXXXXXXXXXXXXXXXX
; XXXXXXXXXXXXXXXXXXXXXXXXXXXXXXXXXXXXXXXXXXXXXXXXXXXXXXXXXXXX
; XXXXXXXXXXXXXXXXXXXXXXXXXXXXXXXXXXXXXXXXXXXXXXXXXXXXXXXXXXXX
; XXXXXXXXXXXXXXXXXXXXXXXXXXXXXXXXXXXXXXXXXXXXXXXXXXXXXXXXXXXX
; XXXXXXXXXXXXXXXXXXXXXXXXXXXXXXXXXXXXXXXXXXXXXXXXXXXXXXXXXXXX
; XXXXXXXXXXXXXXXXXXXXXXXXXXXXXXXXXXXXXXXXXXXXXXXXXXXXXXXXXXXX
; XXXXXXXXXXXXXXXXXXXXXXXXXXXXXXXXXXXXXXXXXXXXXXXXXXXXXXXXXXXX
; XXXXXXXXXXXXXXXXXXXXXXXXXXXXXXXXXXXXXXXXXXXXXXXXXXXXXXXXXXXX
; XXXXXXXXXXXXXXXXXXXXXXXXXXXXXXXXXXXXXXXXXXXXXXXXXXXXXXXXXXXX
; XXXXXXXXXXXXXXXXXXXXXXXXXXXXXXXXXXXXXXXXXXXXXXXXXXXXXXXXXXXX
; XXXXXXXXXXXXXXXXXXXXXXXXXXXXXXXXXXXXXXXXXXXXXXXXXXXXXXXXXXXX
; XXXXXXXXXXXXXXXXXXXXXXXXXXXXXXXXXXXXXXXXXXXXXXXXXXXXXXXXXXXX
; XXXXXXXXXXXXXXXXXXXXXXXXXXXXXXXXXXXXXXXXXXXXXXXXXXXXXXXXXXXX
; XXXXXXXXXXXXXXXXXXXXXXXXXXXXXXXXXXXXXXXXXXXXXXXXXXXXXXXXXXXX
; XXXXXXXXXXXXXXXXXXXXXXXXXXXXXXXXXXXXXXXXXXXXXXXXXXXXXXXXXXXX
; XXXXXXXXXXXXXXXXXXXXXXXXXXXXXXXXXXXXXXXXXXXXXXXXXXXXXXXXXXXX
; XXXXXXXXXXXXXXXXXXXXXXXXXXXXXXXXXXXXXXXXXXXXXXXXXXXXXXXXXXXX
; XXXXXXXXXXXXXXXXXXXXXXXXXXXXXXXXXXXXXXXXXXXXXXXXXXXXXXXXXXXX
; XXXXXXXXXXXXXXXXXXXXXXXXXXXXXXXXXXXXXXXXXXXXXXXXXXXXXXXXXXXX
; XXXXXXXXXXXXXXXXXXXXXXXXXXXXXXXXXXXXXXXXXXXXXXXXXXXXXXXXXXXX
; XXXXXXXXXXXXXXXXXXXXXXXXXXXXXXXXXXXXXXXXXXXXXXXXXXXXXXXXXXXX
; XXXXXXXXXXXXXXXXXXXXXXXXXXXXXXXXXXXXXXXXXXXXXXXXXXXXXXXXXXXX
; XXXXXXXXXXXXXXXXXXXXXXXXXXXXXXXXXXXXXXXXXXXXXXXXXXXXXXXXXXXX
; XXXXXXXXXXXXXXXXXXXXXXXXXXXXXXXXXXXXXXXXXXXXXXXXXXXXXXXXXXXX
; XXXXXXXXXXXXXXXXXXXXXXXXXXXXXXXXXXXXXXXXXXXXXXXXXXXXXXXXXXXX
; XXXXXXXXXXXXXXXXXXXXXXXXXXXXXXXXXXXXXXXXXXXXXXXXXXXXXXXXXXXX
; XXXXXXXXXXXXXXXXXXXXXXXXXXXXXXXXXXXXXXXXXXXXXXXXXXXXXXXXXXXX
; XXXXXXXXXXXXXXXXXXXXXXXXXXXXXXXXXXXXXXXXXXXXXXXXXXXXXXXXXXXX
; XXXXXXXXXXXXXXXXXXXXXXXXXXXXXXXXXXXXXXXXXXXXXXXXXXXXXXXXXXXX
; XXXXXXXXXXXXXXXXXXXXXXXXXXXXXXXXXXXXXXXXXXXXXXXXXXXXXXXXXXXX
; XXXXXXXXXXXXXXXXXXXXXXXXXXXXXXXXXXXXXXXXXXXXXXXXXXXXXXXXXXXX
